// Jest Snapshot v1, https://goo.gl/fbAQLP

exports[`Alert matches snapshot 1`] = `
<DocumentFragment>
  <div
    class="rounded-lg p-4 flex items-start gap-4 bg-muted text-foreground"
  >
    <div
      class="flex-1"
    >
      Snapshot Alert
    </div>
  </div>
</DocumentFragment>
`;
