// Jest Snapshot v1, https://goo.gl/fbAQLP

exports[`Breadcrumbs matches snapshot 1`] = `
<DocumentFragment>
  <nav
    aria-label="Breadcrumb"
    class="flex items-center text-sm "
  >
    <span
      class="flex items-center"
    >
      <a
        class="text-primary hover:underline"
        href="/"
      >
        Home
      </a>
      <span
        class="mx-2 text-muted-foreground"
      >
        /
      </span>
    </span>
    <span
      class="flex items-center"
    >
      <a
        class="text-primary hover:underline"
        href="/dashboard"
      >
        Dashboard
      </a>
    </span>
  </nav>
</DocumentFragment>
`;
