// Jest Snapshot v1, https://goo.gl/fbAQLP

exports[`Button matches snapshot 1`] = `
<DocumentFragment>
  <button
    class="inline-flex items-center justify-center rounded-md font-medium transition-colors focus-visible:outline-none focus-visible:ring-2 focus-visible:ring-offset-2 disabled:pointer-events-none disabled:opacity-50 bg-primary text-primary-foreground hover:bg-primary/90 focus-visible:ring-ring shadow-sm h-10 px-4"
  >
    Snapshot Button
  </button>
</DocumentFragment>
`;
