// Jest Snapshot v1, https://goo.gl/fbAQLP

exports[`Dropdown matches snapshot 1`] = `
<DocumentFragment>
  <div
    class="relative inline-block"
  >
    <div
      class="cursor-pointer"
    >
      <button
        class="inline-flex items-center justify-center rounded-md text-sm font-medium transition-colors focus-visible:outline-none focus-visible:ring-2 focus-visible:ring-ring focus-visible:ring-offset-2 disabled:pointer-events-none disabled:opacity-50 bg-primary text-primary-foreground hover:bg-primary/90 h-10 px-4 py-2"
      >
        Open
      </button>
    </div>
  </div>
</DocumentFragment>
`;
