// Jest Snapshot v1, https://goo.gl/fbAQLP

exports[`Form matches snapshot 1`] = `
<DocumentFragment>
  <form
    class="space-y-4"
  >
    Snapshot Form
  </form>
</DocumentFragment>
`;
