// Jest Snapshot v1, https://goo.gl/fbAQLP

exports[`Input matches snapshot 1`] = `
<DocumentFragment>
  <div
    class="flex flex-col gap-1"
  >
    <div
      class="relative flex items-center border-input border rounded-md px-4 py-4 bg-background "
    >
      <input
        aria-invalid="false"
        class="flex-1 bg-transparent outline-none"
        placeholder="Type here"
      />
    </div>
  </div>
</DocumentFragment>
`;
