// Jest Snapshot v1, https://goo.gl/fbAQLP

exports[`Table matches snapshot 1`] = `
<DocumentFragment>
  <div
    class="overflow-x-auto"
  >
    <table
      class="min-w-full divide-y divide-border"
    >
      <thead
        class="bg-muted"
      >
        <tr>
          <th
            class="px-6 py-3 text-left text-xs font-medium text-foreground uppercase tracking-wider"
          >
            Name
          </th>
          <th
            class="px-6 py-3 text-left text-xs font-medium text-foreground uppercase tracking-wider"
          >
            Age
          </th>
        </tr>
      </thead>
      <tbody
        class="bg-background divide-y divide-border"
      >
        <tr
          class="hover:bg-muted/50"
        >
          <td
            class="px-6 py-4 whitespace-nowrap text-sm text-foreground"
          >
            Alice
          </td>
          <td
            class="px-6 py-4 whitespace-nowrap text-sm text-foreground"
          >
            30
          </td>
        </tr>
        <tr
          class="hover:bg-muted/50"
        >
          <td
            class="px-6 py-4 whitespace-nowrap text-sm text-foreground"
          >
            Bob
          </td>
          <td
            class="px-6 py-4 whitespace-nowrap text-sm text-foreground"
          >
            25
          </td>
        </tr>
      </tbody>
    </table>
  </div>
</DocumentFragment>
`;
