// Jest Snapshot v1, https://goo.gl/fbAQLP

exports[`ThemeProvider matches snapshot 1`] = `
<DocumentFragment>
  <div>
    Snapshot Theme
  </div>
</DocumentFragment>
`;
