// Jest Snapshot v1, https://goo.gl/fbAQLP

exports[`DataWarehouseHome matches snapshot 1`] = `
<DocumentFragment>
  <div
    class="min-h-screen bg-gradient-to-br from-gray-50 via-blue-50/30 to-indigo-50/50 dark:from-gray-900 dark:via-gray-900 dark:to-gray-800"
  >
    <div
      class="p-8 space-y-8"
    >
      <div
        class="mb-8"
      >
        <h1
          class="text-3xl font-bold text-foreground dark:text-primary-foreground mb-2"
        >
          Data Warehouse
        </h1>
        <p
          class="text-lg text-muted-foreground dark:text-muted-foreground"
        >
          Access and analyze your business data with powerful querying and visualization tools
        </p>
      </div>
      <div
        class="bg-card dark:bg-background rounded-2xl p-8 shadow-lg border border-border/50 dark:border-border/50 hover:shadow-xl transition-all duration-300 mb-8"
      >
        <div
          class="flex items-center justify-between mb-6"
        >
          <h3
            class="text-xl font-bold text-foreground"
          >
            Quick Actions
          </h3>
        </div>
        <div
          class="grid grid-cols-2 md:grid-cols-4 gap-4"
        >
          <button
            class="flex flex-col items-center p-6 rounded-lg bg-background border border-border hover:border-primary hover:bg-primary/5 hover:shadow-md transition-all duration-200 group"
          >
            <div
              class="p-3 rounded-lg bg-primary/10 text-primary group-hover:bg-primary/20 transition-all duration-200 mb-3"
            >
              <svg
                aria-hidden="true"
                class="lucide lucide-search w-5 h-5"
                fill="none"
                height="24"
                stroke="currentColor"
                stroke-linecap="round"
                stroke-linejoin="round"
                stroke-width="2"
                viewBox="0 0 24 24"
                width="24"
                xmlns="http://www.w3.org/2000/svg"
              >
                <path
                  d="m21 21-4.34-4.34"
                />
                <circle
                  cx="11"
                  cy="11"
                  r="8"
                />
              </svg>
            </div>
            <span
              class="text-sm font-medium text-foreground group-hover:text-primary transition-colors duration-200"
            >
              Query Data
            </span>
          </button>
          <button
            class="flex flex-col items-center p-6 rounded-lg bg-background border border-border hover:border-primary hover:bg-primary/5 hover:shadow-md transition-all duration-200 group"
          >
            <div
              class="p-3 rounded-lg bg-primary/10 text-primary group-hover:bg-primary/20 transition-all duration-200 mb-3"
            >
              <svg
                aria-hidden="true"
                class="lucide lucide-upload w-5 h-5"
                fill="none"
                height="24"
                stroke="currentColor"
                stroke-linecap="round"
                stroke-linejoin="round"
                stroke-width="2"
                viewBox="0 0 24 24"
                width="24"
                xmlns="http://www.w3.org/2000/svg"
              >
                <path
                  d="M12 3v12"
                />
                <path
                  d="m17 8-5-5-5 5"
                />
                <path
                  d="M21 15v4a2 2 0 0 1-2 2H5a2 2 0 0 1-2-2v-4"
                />
              </svg>
            </div>
            <span
              class="text-sm font-medium text-foreground group-hover:text-primary transition-colors duration-200"
            >
              Import Data
            </span>
          </button>
          <button
            class="flex flex-col items-center p-6 rounded-lg bg-background border border-border hover:border-primary hover:bg-primary/5 hover:shadow-md transition-all duration-200 group"
          >
            <div
              class="p-3 rounded-lg bg-primary/10 text-primary group-hover:bg-primary/20 transition-all duration-200 mb-3"
            >
              <svg
                aria-hidden="true"
                class="lucide lucide-download w-5 h-5"
                fill="none"
                height="24"
                stroke="currentColor"
                stroke-linecap="round"
                stroke-linejoin="round"
                stroke-width="2"
                viewBox="0 0 24 24"
                width="24"
                xmlns="http://www.w3.org/2000/svg"
              >
                <path
                  d="M12 15V3"
                />
                <path
                  d="M21 15v4a2 2 0 0 1-2 2H5a2 2 0 0 1-2-2v-4"
                />
                <path
                  d="m7 10 5 5 5-5"
                />
              </svg>
            </div>
            <span
              class="text-sm font-medium text-foreground group-hover:text-primary transition-colors duration-200"
            >
              Export Report
            </span>
          </button>
          <button
            class="flex flex-col items-center p-6 rounded-lg bg-background border border-border hover:border-primary hover:bg-primary/5 hover:shadow-md transition-all duration-200 group"
          >
            <div
              class="p-3 rounded-lg bg-primary/10 text-primary group-hover:bg-primary/20 transition-all duration-200 mb-3"
            >
              <svg
                aria-hidden="true"
                class="lucide lucide-chart-no-axes-column w-5 h-5"
                fill="none"
                height="24"
                stroke="currentColor"
                stroke-linecap="round"
                stroke-linejoin="round"
                stroke-width="2"
                viewBox="0 0 24 24"
                width="24"
                xmlns="http://www.w3.org/2000/svg"
              >
                <line
                  x1="18"
                  x2="18"
                  y1="20"
                  y2="10"
                />
                <line
                  x1="12"
                  x2="12"
                  y1="20"
                  y2="4"
                />
                <line
                  x1="6"
                  x2="6"
                  y1="20"
                  y2="14"
                />
              </svg>
            </div>
            <span
              class="text-sm font-medium text-foreground group-hover:text-primary transition-colors duration-200"
            >
              Create Dashboard
            </span>
          </button>
        </div>
      </div>
      <div
        class="grid grid-cols-1 md:grid-cols-2 lg:grid-cols-4 gap-6 mb-8"
      >
        <div
          class="rounded-xl border p-4 shadow-sm flex flex-col gap-1"
        >
          <p
            class="text-muted-foreground mb-1 text-xs uppercase"
          >
            Total Records
          </p>
          <div
            class="flex items-end justify-between gap-2"
          >
            <p
              class="text-3xl font-semibold"
            >
              2.4M
            </p>
          </div>
          <p
            class="text-xs font-medium text-success"
          >
            +15.2%
          </p>
        </div>
        <div
          class="rounded-xl border p-4 shadow-sm flex flex-col gap-1"
        >
          <p
            class="text-muted-foreground mb-1 text-xs uppercase"
          >
            Data Sources
          </p>
          <div
            class="flex items-end justify-between gap-2"
          >
            <p
              class="text-3xl font-semibold"
            >
              12
            </p>
          </div>
          <p
            class="text-xs font-medium text-success"
          >
            +2
          </p>
        </div>
        <div
          class="rounded-xl border p-4 shadow-sm flex flex-col gap-1"
        >
          <p
            class="text-muted-foreground mb-1 text-xs uppercase"
          >
            Storage Used
          </p>
          <div
            class="flex items-end justify-between gap-2"
          >
            <p
              class="text-3xl font-semibold"
            >
              1.2TB
            </p>
          </div>
          <p
            class="text-xs font-medium text-success"
          >
            +8.5%
          </p>
        </div>
        <div
          class="rounded-xl border p-4 shadow-sm flex flex-col gap-1"
        >
          <p
            class="text-muted-foreground mb-1 text-xs uppercase"
          >
            Query Performance
          </p>
          <div
            class="flex items-end justify-between gap-2"
          >
            <p
              class="text-3xl font-semibold"
            >
              98.5%
            </p>
          </div>
          <p
            class="text-xs font-medium text-success"
          >
            +1.2%
          </p>
        </div>
      </div>
      <div
        class="grid grid-cols-1 lg:grid-cols-2 gap-8 mb-8"
      >
        <div
          class="bg-card dark:bg-background rounded-2xl p-8 shadow-lg border border-border/50 dark:border-border/50 hover:shadow-xl transition-all duration-300 hover:shadow-xl transition-all duration-300"
        >
          <div
            class="flex items-center justify-between mb-6"
          >
            <h3
              class="text-xl font-bold text-foreground"
            >
              Data Usage by Category
            </h3>
          </div>
          <div
            class="mb-6"
          >
            <p
              class="text-sm text-muted-foreground"
            >
              Storage usage across data categories
            </p>
          </div>
          <div
            class="recharts-responsive-container"
            style="width: 100%; height: 200px; min-width: 0;"
          />
        </div>
        <div
          class="bg-card dark:bg-background rounded-2xl p-8 shadow-lg border border-border/50 dark:border-border/50 hover:shadow-xl transition-all duration-300 hover:shadow-xl transition-all duration-300"
        >
          <div
            class="flex items-center justify-between mb-6"
          >
            <h3
              class="text-xl font-bold text-foreground"
            >
              Query Activity
            </h3>
          </div>
          <div
            class="mb-6"
          >
            <p
              class="text-sm text-muted-foreground"
            >
              Daily query volume (last 7 days)
            </p>
          </div>
          <div
            class="recharts-responsive-container"
            style="width: 100%; height: 200px; min-width: 0;"
          />
        </div>
      </div>
      <div
        class="grid grid-cols-1 lg:grid-cols-2 gap-8"
      >
        <div
          class="bg-card dark:bg-background rounded-2xl p-8 shadow-lg border border-border/50 dark:border-border/50 hover:shadow-xl transition-all duration-300 "
        >
          <div
            class="flex items-center justify-between mb-6"
          >
            <h3
              class="text-xl font-bold text-foreground"
            >
              Data Sources
            </h3>
            <div
              class="flex-shrink-0"
            >
              <button
                class="px-4 py-4 bg-primary/5 text-primary hover:bg-primary/10 hover:text-primary/90 rounded-lg transition-all duration-200 text-sm font-medium border border-border"
              >
                Manage Sources
              </button>
            </div>
          </div>
          <div
            class="space-y-4"
          >
            <div
              class="flex items-center justify-between p-4 rounded-lg hover:bg-muted/50 transition-colors duration-200"
            >
              <div
                class="flex items-center space-x-4"
              >
                <div
                  class="p-4 rounded-lg bg-primary/10"
                >
                  <svg
                    aria-hidden="true"
                    class="lucide lucide-database w-5 h-5 text-primary"
                    fill="none"
                    height="24"
                    stroke="currentColor"
                    stroke-linecap="round"
                    stroke-linejoin="round"
                    stroke-width="2"
                    viewBox="0 0 24 24"
                    width="24"
                    xmlns="http://www.w3.org/2000/svg"
                  >
                    <ellipse
                      cx="12"
                      cy="5"
                      rx="9"
                      ry="3"
                    />
                    <path
                      d="M3 5V19A9 3 0 0 0 21 19V5"
                    />
                    <path
                      d="M3 12A9 3 0 0 0 21 12"
                    />
                  </svg>
                </div>
                <div>
                  <h4
                    class="font-medium text-foreground"
                  >
                    Sales CRM
                  </h4>
                  <p
                    class="text-sm text-muted-foreground"
                  >
                    Database • 450K records
                  </p>
                </div>
              </div>
              <div
                class="text-right"
              >
                <div
                  class="inline-flex px-4 py-4 rounded-full text-xs font-medium bg-success/10 text-success"
                >
                  Connected
                </div>
                <p
                  class="text-xs text-muted-foreground mt-1"
                >
                  2 minutes ago
                </p>
              </div>
            </div>
            <div
              class="flex items-center justify-between p-4 rounded-lg hover:bg-muted/50 transition-colors duration-200"
            >
              <div
                class="flex items-center space-x-4"
              >
                <div
                  class="p-4 rounded-lg bg-primary/10"
                >
                  <svg
                    aria-hidden="true"
                    class="lucide lucide-database w-5 h-5 text-primary"
                    fill="none"
                    height="24"
                    stroke="currentColor"
                    stroke-linecap="round"
                    stroke-linejoin="round"
                    stroke-width="2"
                    viewBox="0 0 24 24"
                    width="24"
                    xmlns="http://www.w3.org/2000/svg"
                  >
                    <ellipse
                      cx="12"
                      cy="5"
                      rx="9"
                      ry="3"
                    />
                    <path
                      d="M3 5V19A9 3 0 0 0 21 19V5"
                    />
                    <path
                      d="M3 12A9 3 0 0 0 21 12"
                    />
                  </svg>
                </div>
                <div>
                  <h4
                    class="font-medium text-foreground"
                  >
                    E-commerce Platform
                  </h4>
                  <p
                    class="text-sm text-muted-foreground"
                  >
                    API • 1.2M records
                  </p>
                </div>
              </div>
              <div
                class="text-right"
              >
                <div
                  class="inline-flex px-4 py-4 rounded-full text-xs font-medium bg-success/10 text-success"
                >
                  Connected
                </div>
                <p
                  class="text-xs text-muted-foreground mt-1"
                >
                  5 minutes ago
                </p>
              </div>
            </div>
            <div
              class="flex items-center justify-between p-4 rounded-lg hover:bg-muted/50 transition-colors duration-200"
            >
              <div
                class="flex items-center space-x-4"
              >
                <div
                  class="p-4 rounded-lg bg-primary/10"
                >
                  <svg
                    aria-hidden="true"
                    class="lucide lucide-database w-5 h-5 text-primary"
                    fill="none"
                    height="24"
                    stroke="currentColor"
                    stroke-linecap="round"
                    stroke-linejoin="round"
                    stroke-width="2"
                    viewBox="0 0 24 24"
                    width="24"
                    xmlns="http://www.w3.org/2000/svg"
                  >
                    <ellipse
                      cx="12"
                      cy="5"
                      rx="9"
                      ry="3"
                    />
                    <path
                      d="M3 5V19A9 3 0 0 0 21 19V5"
                    />
                    <path
                      d="M3 12A9 3 0 0 0 21 12"
                    />
                  </svg>
                </div>
                <div>
                  <h4
                    class="font-medium text-foreground"
                  >
                    Financial System
                  </h4>
                  <p
                    class="text-sm text-muted-foreground"
                  >
                    CSV • 180K records
                  </p>
                </div>
              </div>
              <div
                class="text-right"
              >
                <div
                  class="inline-flex px-4 py-4 rounded-full text-xs font-medium bg-warning/10 text-warning-foreground"
                >
                  Syncing
                </div>
                <p
                  class="text-xs text-muted-foreground mt-1"
                >
                  1 hour ago
                </p>
              </div>
            </div>
            <div
              class="flex items-center justify-between p-4 rounded-lg hover:bg-muted/50 transition-colors duration-200"
            >
              <div
                class="flex items-center space-x-4"
              >
                <div
                  class="p-4 rounded-lg bg-primary/10"
                >
                  <svg
                    aria-hidden="true"
                    class="lucide lucide-database w-5 h-5 text-primary"
                    fill="none"
                    height="24"
                    stroke="currentColor"
                    stroke-linecap="round"
                    stroke-linejoin="round"
                    stroke-width="2"
                    viewBox="0 0 24 24"
                    width="24"
                    xmlns="http://www.w3.org/2000/svg"
                  >
                    <ellipse
                      cx="12"
                      cy="5"
                      rx="9"
                      ry="3"
                    />
                    <path
                      d="M3 5V19A9 3 0 0 0 21 19V5"
                    />
                    <path
                      d="M3 12A9 3 0 0 0 21 12"
                    />
                  </svg>
                </div>
                <div>
                  <h4
                    class="font-medium text-foreground"
                  >
                    Marketing Tools
                  </h4>
                  <p
                    class="text-sm text-muted-foreground"
                  >
                    API • 95K records
                  </p>
                </div>
              </div>
              <div
                class="text-right"
              >
                <div
                  class="inline-flex px-4 py-4 rounded-full text-xs font-medium bg-success/10 text-success"
                >
                  Connected
                </div>
                <p
                  class="text-xs text-muted-foreground mt-1"
                >
                  10 minutes ago
                </p>
              </div>
            </div>
          </div>
        </div>
        <div
          class="bg-card dark:bg-background rounded-2xl p-8 shadow-lg border border-border/50 dark:border-border/50 hover:shadow-xl transition-all duration-300 "
        >
          <div
            class="flex items-center justify-between mb-6"
          >
            <h3
              class="text-xl font-bold text-foreground"
            >
              Recent Queries
            </h3>
            <div
              class="flex-shrink-0"
            >
              <button
                class="px-4 py-4 bg-primary/5 text-primary hover:bg-primary/10 hover:text-primary/90 rounded-lg transition-all duration-200 text-sm font-medium border border-border"
              >
                Query History
              </button>
            </div>
          </div>
          <div
            class="space-y-4"
          >
            <div
              class="flex items-center justify-between p-4 rounded-lg hover:bg-muted/50 transition-colors duration-200"
            >
              <div
                class="flex items-center space-x-4"
              >
                <div
                  class="p-4 rounded-lg bg-primary/10"
                >
                  <svg
                    aria-hidden="true"
                    class="lucide lucide-search w-5 h-5 text-primary"
                    fill="none"
                    height="24"
                    stroke="currentColor"
                    stroke-linecap="round"
                    stroke-linejoin="round"
                    stroke-width="2"
                    viewBox="0 0 24 24"
                    width="24"
                    xmlns="http://www.w3.org/2000/svg"
                  >
                    <path
                      d="m21 21-4.34-4.34"
                    />
                    <circle
                      cx="11"
                      cy="11"
                      r="8"
                    />
                  </svg>
                </div>
                <div>
                  <h4
                    class="font-medium text-foreground"
                  >
                    Monthly Sales Report
                  </h4>
                  <p
                    class="text-sm text-muted-foreground"
                  >
                    by John Doe • 5 minutes ago
                  </p>
                </div>
              </div>
              <div
                class="text-right"
              >
                <div
                  class="text-sm font-medium text-foreground"
                >
                  2.3s
                </div>
              </div>
            </div>
            <div
              class="flex items-center justify-between p-4 rounded-lg hover:bg-muted/50 transition-colors duration-200"
            >
              <div
                class="flex items-center space-x-4"
              >
                <div
                  class="p-4 rounded-lg bg-primary/10"
                >
                  <svg
                    aria-hidden="true"
                    class="lucide lucide-search w-5 h-5 text-primary"
                    fill="none"
                    height="24"
                    stroke="currentColor"
                    stroke-linecap="round"
                    stroke-linejoin="round"
                    stroke-width="2"
                    viewBox="0 0 24 24"
                    width="24"
                    xmlns="http://www.w3.org/2000/svg"
                  >
                    <path
                      d="m21 21-4.34-4.34"
                    />
                    <circle
                      cx="11"
                      cy="11"
                      r="8"
                    />
                  </svg>
                </div>
                <div>
                  <h4
                    class="font-medium text-foreground"
                  >
                    Customer Segmentation Analysis
                  </h4>
                  <p
                    class="text-sm text-muted-foreground"
                  >
                    by Jane Smith • 15 minutes ago
                  </p>
                </div>
              </div>
              <div
                class="text-right"
              >
                <div
                  class="text-sm font-medium text-foreground"
                >
                  4.1s
                </div>
              </div>
            </div>
            <div
              class="flex items-center justify-between p-4 rounded-lg hover:bg-muted/50 transition-colors duration-200"
            >
              <div
                class="flex items-center space-x-4"
              >
                <div
                  class="p-4 rounded-lg bg-primary/10"
                >
                  <svg
                    aria-hidden="true"
                    class="lucide lucide-search w-5 h-5 text-primary"
                    fill="none"
                    height="24"
                    stroke="currentColor"
                    stroke-linecap="round"
                    stroke-linejoin="round"
                    stroke-width="2"
                    viewBox="0 0 24 24"
                    width="24"
                    xmlns="http://www.w3.org/2000/svg"
                  >
                    <path
                      d="m21 21-4.34-4.34"
                    />
                    <circle
                      cx="11"
                      cy="11"
                      r="8"
                    />
                  </svg>
                </div>
                <div>
                  <h4
                    class="font-medium text-foreground"
                  >
                    Revenue Trend Analysis
                  </h4>
                  <p
                    class="text-sm text-muted-foreground"
                  >
                    by Mike Johnson • 30 minutes ago
                  </p>
                </div>
              </div>
              <div
                class="text-right"
              >
                <div
                  class="text-sm font-medium text-foreground"
                >
                  1.8s
                </div>
              </div>
            </div>
            <div
              class="flex items-center justify-between p-4 rounded-lg hover:bg-muted/50 transition-colors duration-200"
            >
              <div
                class="flex items-center space-x-4"
              >
                <div
                  class="p-4 rounded-lg bg-primary/10"
                >
                  <svg
                    aria-hidden="true"
                    class="lucide lucide-search w-5 h-5 text-primary"
                    fill="none"
                    height="24"
                    stroke="currentColor"
                    stroke-linecap="round"
                    stroke-linejoin="round"
                    stroke-width="2"
                    viewBox="0 0 24 24"
                    width="24"
                    xmlns="http://www.w3.org/2000/svg"
                  >
                    <path
                      d="m21 21-4.34-4.34"
                    />
                    <circle
                      cx="11"
                      cy="11"
                      r="8"
                    />
                  </svg>
                </div>
                <div>
                  <h4
                    class="font-medium text-foreground"
                  >
                    Product Performance Metrics
                  </h4>
                  <p
                    class="text-sm text-muted-foreground"
                  >
                    by Sarah Wilson • 45 minutes ago
                  </p>
                </div>
              </div>
              <div
                class="text-right"
              >
                <div
                  class="text-sm font-medium text-foreground"
                >
                  3.2s
                </div>
              </div>
            </div>
          </div>
        </div>
      </div>
    </div>
  </div>
</DocumentFragment>
`;
