// Jest Snapshot v1, https://goo.gl/fbAQLP

exports[`FinanceHome matches snapshot 1`] = `
<DocumentFragment>
  <div
    class="min-h-screen bg-gradient-to-br from-gray-50 via-blue-50/30 to-indigo-50/50 dark:from-gray-900 dark:via-gray-900 dark:to-gray-800"
  >
    <div
      class="p-8 space-y-8"
    >
      <div
        class="mb-8"
      >
        <h1
          class="text-3xl font-bold mb-2"
        >
          Finance Hub
        </h1>
        <p
          class="text-lg"
        >
          Manage invoices, expenses, and financial reports with automated reconciliation
        </p>
      </div>
      <div
        class="bg-card dark:bg-background rounded-2xl p-8 shadow-lg border border-border/50 dark:border-border/50 hover:shadow-xl transition-all duration-300 mb-8"
      >
        <div
          class="flex items-center justify-between mb-6"
        >
          <h3
            class="text-xl font-bold text-foreground"
          >
            Quick Actions
          </h3>
        </div>
        <div
          class="grid grid-cols-2 md:grid-cols-4 gap-4"
        >
          <button
            class="flex flex-col items-center p-6 rounded-lg bg-background border border-border hover:border-primary hover:bg-primary/5 hover:shadow-md transition-all duration-200 group"
          >
            <div
              class="p-4 rounded-lg bg-primary/10 text-primary group-hover:bg-primary/20 transition-all duration-200 mb-3"
            >
              <svg
                class="lucide lucide-receipt w-5 h-5"
                fill="none"
                height="24"
                stroke="currentColor"
                stroke-linecap="round"
                stroke-linejoin="round"
                stroke-width="2"
                viewBox="0 0 24 24"
                width="24"
                xmlns="http://www.w3.org/2000/svg"
              >
                <path
                  d="M4 2v20l2-1 2 1 2-1 2 1 2-1 2 1 2-1 2 1V2l-2 1-2-1-2 1-2-1-2 1-2-1-2 1Z"
                />
                <path
                  d="M16 8h-6a2 2 0 1 0 0 4h4a2 2 0 1 1 0 4H8"
                />
                <path
                  d="M12 17.5v-11"
                />
              </svg>
            </div>
            <span
              class="text-sm font-medium text-foreground group-hover:text-primary transition-colors duration-200"
            >
              New Invoice
            </span>
          </button>
          <button
            class="flex flex-col items-center p-6 rounded-lg bg-background border border-border hover:border-primary hover:bg-primary/5 hover:shadow-md transition-all duration-200 group"
          >
            <div
              class="p-4 rounded-lg bg-primary/10 text-primary group-hover:bg-primary/20 transition-all duration-200 mb-3"
            >
              <svg
                class="lucide lucide-credit-card w-5 h-5"
                fill="none"
                height="24"
                stroke="currentColor"
                stroke-linecap="round"
                stroke-linejoin="round"
                stroke-width="2"
                viewBox="0 0 24 24"
                width="24"
                xmlns="http://www.w3.org/2000/svg"
              >
                <rect
                  height="14"
                  rx="2"
                  width="20"
                  x="2"
                  y="5"
                />
                <line
                  x1="2"
                  x2="22"
                  y1="10"
                  y2="10"
                />
              </svg>
            </div>
            <span
              class="text-sm font-medium text-foreground group-hover:text-primary transition-colors duration-200"
            >
              Record Expense
            </span>
          </button>
          <button
            class="flex flex-col items-center p-6 rounded-lg bg-background border border-border hover:border-primary hover:bg-primary/5 hover:shadow-md transition-all duration-200 group"
          >
            <div
              class="p-4 rounded-lg bg-primary/10 text-primary group-hover:bg-primary/20 transition-all duration-200 mb-3"
            >
              <svg
                class="lucide lucide-file-text w-5 h-5"
                fill="none"
                height="24"
                stroke="currentColor"
                stroke-linecap="round"
                stroke-linejoin="round"
                stroke-width="2"
                viewBox="0 0 24 24"
                width="24"
                xmlns="http://www.w3.org/2000/svg"
              >
                <path
                  d="M15 2H6a2 2 0 0 0-2 2v16a2 2 0 0 0 2 2h12a2 2 0 0 0 2-2V7Z"
                />
                <path
                  d="M14 2v4a2 2 0 0 0 2 2h4"
                />
                <path
                  d="M10 9H8"
                />
                <path
                  d="M16 13H8"
                />
                <path
                  d="M16 17H8"
                />
              </svg>
            </div>
            <span
              class="text-sm font-medium text-foreground group-hover:text-primary transition-colors duration-200"
            >
              Generate Report
            </span>
          </button>
          <button
            class="flex flex-col items-center p-6 rounded-lg bg-background border border-border hover:border-primary hover:bg-primary/5 hover:shadow-md transition-all duration-200 group"
          >
            <div
              class="p-4 rounded-lg bg-primary/10 text-primary group-hover:bg-primary/20 transition-all duration-200 mb-3"
            >
              <svg
                class="lucide lucide-calculator w-5 h-5"
                fill="none"
                height="24"
                stroke="currentColor"
                stroke-linecap="round"
                stroke-linejoin="round"
                stroke-width="2"
                viewBox="0 0 24 24"
                width="24"
                xmlns="http://www.w3.org/2000/svg"
              >
                <rect
                  height="20"
                  rx="2"
                  width="16"
                  x="4"
                  y="2"
                />
                <line
                  x1="8"
                  x2="16"
                  y1="6"
                  y2="6"
                />
                <line
                  x1="16"
                  x2="16"
                  y1="14"
                  y2="18"
                />
                <path
                  d="M16 10h.01"
                />
                <path
                  d="M12 10h.01"
                />
                <path
                  d="M8 10h.01"
                />
                <path
                  d="M12 14h.01"
                />
                <path
                  d="M8 14h.01"
                />
                <path
                  d="M12 18h.01"
                />
                <path
                  d="M8 18h.01"
                />
              </svg>
            </div>
            <span
              class="text-sm font-medium text-foreground group-hover:text-primary transition-colors duration-200"
            >
              Calculate Tax
            </span>
          </button>
        </div>
      </div>
      <div
        class="grid grid-cols-1 md:grid-cols-2 lg:grid-cols-4 gap-6 mb-8"
      >
        <div
          class="rounded-xl border p-4 shadow-sm flex flex-col gap-1"
        >
          <p
            class="text-muted-foreground mb-1 text-xs uppercase"
          >
            Total Revenue
          </p>
          <div
            class="flex items-end justify-between gap-2"
          >
            <p
              class="text-3xl font-semibold"
            >
              $0.00
            </p>
          </div>
        </div>
        <div
          class="rounded-xl border p-4 shadow-sm flex flex-col gap-1"
        >
          <p
            class="text-muted-foreground mb-1 text-xs uppercase"
          >
            Outstanding Invoices
          </p>
          <div
            class="flex items-end justify-between gap-2"
          >
            <p
              class="text-3xl font-semibold"
            >
              $45,200
            </p>
          </div>
          <p
            class="text-xs font-medium text-destructive"
          >
            -8.3%
          </p>
        </div>
        <div
          class="rounded-xl border p-4 shadow-sm flex flex-col gap-1"
        >
          <p
            class="text-muted-foreground mb-1 text-xs uppercase"
          >
            Monthly Expenses
          </p>
          <div
            class="flex items-end justify-between gap-2"
          >
            <p
              class="text-3xl font-semibold"
            >
              $32,100
            </p>
          </div>
          <p
            class="text-xs font-medium text-success"
          >
            +5.2%
          </p>
        </div>
        <div
          class="rounded-xl border p-4 shadow-sm flex flex-col gap-1"
        >
          <p
            class="text-muted-foreground mb-1 text-xs uppercase"
          >
            Profit Margin
          </p>
          <div
            class="flex items-end justify-between gap-2"
          >
            <p
              class="text-3xl font-semibold"
            >
              32.8%
            </p>
          </div>
          <p
            class="text-xs font-medium text-success"
          >
            +2.1%
          </p>
        </div>
      </div>
      <div
        class="grid grid-cols-1 lg:grid-cols-2 gap-8 mb-8"
      >
        <div
          class="bg-card dark:bg-background rounded-2xl p-8 shadow-lg border border-border/50 dark:border-border/50 hover:shadow-xl transition-all duration-300 hover:shadow-xl transition-all duration-300"
        >
          <div
            class="flex items-center justify-between mb-6"
          >
            <h3
              class="text-xl font-bold text-foreground"
            >
              Revenue Trend
            </h3>
            <div
              class="flex-shrink-0"
            >
              <button
                class="flex items-center space-x-2 px-4 py-4 bg-primary/5 text-primary hover:bg-primary/10 hover:text-primary/90 rounded-lg transition-all duration-200 font-medium border border-border"
              >
                <span
                  class="text-sm"
                >
                  View Details
                </span>
                <svg
                  class="lucide lucide-arrow-up-right w-4 h-4"
                  fill="none"
                  height="24"
                  stroke="currentColor"
                  stroke-linecap="round"
                  stroke-linejoin="round"
                  stroke-width="2"
                  viewBox="0 0 24 24"
                  width="24"
                  xmlns="http://www.w3.org/2000/svg"
                >
                  <path
                    d="M7 7h10v10"
                  />
                  <path
                    d="M7 17 17 7"
                  />
                </svg>
              </button>
            </div>
          </div>
          <div
            class="mb-6"
          >
            <p
              class="text-sm text-muted-foreground"
            >
              Monthly revenue performance
            </p>
          </div>
          <div
            class="recharts-responsive-container"
            style="width: 100%; height: 200px; min-width: 0;"
          />
        </div>
        <div
          class="bg-card dark:bg-background rounded-2xl p-8 shadow-lg border border-border/50 dark:border-border/50 hover:shadow-xl transition-all duration-300 hover:shadow-xl transition-all duration-300"
        >
          <div
            class="flex items-center justify-between mb-6"
          >
            <h3
              class="text-xl font-bold text-foreground"
            >
              Expense Breakdown
            </h3>
            <div
              class="flex-shrink-0"
            >
              <button
                class="flex items-center space-x-2 px-4 py-4 bg-primary/5 text-primary hover:bg-primary/10 hover:text-primary/90 rounded-lg transition-all duration-200 font-medium border border-border"
              >
                <span
                  class="text-sm"
                >
                  Manage Expenses
                </span>
                <svg
                  class="lucide lucide-arrow-up-right w-4 h-4"
                  fill="none"
                  height="24"
                  stroke="currentColor"
                  stroke-linecap="round"
                  stroke-linejoin="round"
                  stroke-width="2"
                  viewBox="0 0 24 24"
                  width="24"
                  xmlns="http://www.w3.org/2000/svg"
                >
                  <path
                    d="M7 7h10v10"
                  />
                  <path
                    d="M7 17 17 7"
                  />
                </svg>
              </button>
            </div>
          </div>
          <div
            class="mb-6"
          >
            <p
              class="text-sm text-muted-foreground"
            >
              Monthly expense categories
            </p>
          </div>
          <div
            class="recharts-responsive-container"
            style="width: 100%; height: 200px; min-width: 0;"
          />
        </div>
      </div>
      <div
        class="bg-card dark:bg-background rounded-2xl p-8 shadow-lg border border-border/50 dark:border-border/50 hover:shadow-xl transition-all duration-300 "
      >
        <div
          class="flex items-center justify-between mb-6"
        >
          <h3
            class="text-xl font-bold text-foreground"
          >
            Recent Transactions
          </h3>
          <div
            class="flex-shrink-0"
          >
            <button
              class="px-4 py-4 bg-primary/5 text-primary hover:bg-primary/10 hover:text-primary/90 rounded-lg transition-all duration-200 text-sm font-medium border border-border"
            >
              View All Transactions
            </button>
          </div>
        </div>
        <div
          class="space-y-4"
        >
          <p
            class="text-sm text-muted-foreground"
          >
            No PayPal transactions found.
          </p>
        </div>
      </div>
    </div>
  </div>
</DocumentFragment>
`;
