// Jest Snapshot v1, https://goo.gl/fbAQLP

exports[`StatsCard matches snapshot 1`] = `
<DocumentFragment>
  <div
    class="bg-card rounded-xl p-6 border border-border flex flex-col gap-2 shadow-sm min-w-0 "
  >
    <div
      class="flex items-center gap-4 mb-2"
    >
      <span
        class="w-8 h-8 flex items-center justify-center bg-muted/40 rounded-full"
      >
        <span />
      </span>
      <span
        class="font-semibold text-lg truncate flex-1 min-w-0"
      >
        Revenue
      </span>
    </div>
    <div
      class="flex items-end gap-2 min-h-[2.5rem]"
    >
      <span
        class="text-2xl font-bold tabular-nums truncate"
      >
        1000
      </span>
      <span
        class="ml-auto"
      >
        <span />
      </span>
    </div>
    <div
      aria-live="polite"
      class="flex items-center text-xs font-semibold text-success truncate min-w-0"
    >
      <span
        class="mr-0.5"
      >
        â–²
      </span>
      <span
        class="sr-only"
      >
        increase
      </span>
      5%
    </div>
    <div
      class="w-full mt-2"
    >
      <div
        class="w-full h-2 bg-muted/20 rounded-full overflow-hidden"
      >
        <div
          aria-valuemax="100"
          aria-valuemin="0"
          aria-valuenow="80"
          class="h-2 bg-primary rounded-full transition-all duration-500"
          role="progressbar"
          style="width: 80%;"
        />
      </div>
      <div
        class="text-xs text-muted-foreground mt-0.5"
      >
        80% complete
      </div>
    </div>
  </div>
</DocumentFragment>
`;
