// Jest Snapshot v1, https://goo.gl/fbAQLP

exports[`Skeleton matches snapshot 1`] = `
<DocumentFragment>
  <div
    class="animate-pulse rounded-md bg-muted"
  />
</DocumentFragment>
`;
