// Jest Snapshot v1, https://goo.gl/fbAQLP

exports[`Badge matches snapshot 1`] = `
<DocumentFragment>
  <div
    class="inline-flex items-center rounded-full border px-2.5 py-0.5 text-xs font-semibold transition-colors focus:outline-none focus:ring-2 focus:ring-ring focus:ring-offset-2 bg-primary text-primary-foreground hover:bg-primary/80 "
  >
    Snapshot Badge
  </div>
</DocumentFragment>
`;
