// Jest Snapshot v1, https://goo.gl/fbAQLP

exports[`Breadcrumbs matches snapshot 1`] = `
<DocumentFragment>
  <nav
    aria-label="Breadcrumb"
    class="flex"
  >
    <ol
      class="inline-flex items-center space-x-1 md:space-x-4"
    >
      <li
        class="inline-flex items-center"
      >
        <a
          class="inline-flex items-center text-sm font-medium text-foreground/90 hover:text-primary dark:text-muted-foreground dark:hover:text-primary-foreground"
          href="/"
        >
          Home
        </a>
      </li>
      <li
        class="inline-flex items-center"
      >
        <svg
          aria-hidden="true"
          class="w-3 h-3 text-muted-foreground mx-1"
          fill="none"
          viewBox="0 0 6 10"
          xmlns="http://www.w3.org/2000/svg"
        >
          <path
            d="m1 9 4-4-4-4"
            stroke="currentColor"
            stroke-linecap="round"
            stroke-linejoin="round"
            stroke-width="2"
          />
        </svg>
        <a
          class="inline-flex items-center text-sm font-medium text-foreground/90 hover:text-primary dark:text-muted-foreground dark:hover:text-primary-foreground"
          href="/dashboard"
        >
          Dashboard
        </a>
      </li>
    </ol>
  </nav>
</DocumentFragment>
`;
