// Jest Snapshot v1, https://goo.gl/fbAQLP

exports[`Card matches snapshot 1`] = `
<DocumentFragment>
  <div
    class="rounded-lg border bg-card text-card-foreground shadow-sm "
  >
    Snapshot Content
  </div>
</DocumentFragment>
`;
