// Jest Snapshot v1, https://goo.gl/fbAQLP

exports[`SimpleBarChart matches snapshot 1`] = `
<DocumentFragment>
  <div
    class="recharts-responsive-container"
    style="width: 100%; height: 200px; min-width: 0;"
  />
</DocumentFragment>
`;
